>>> square = __import__('4-print_square').print_square
>>> square(4)
####
####
####
####

>>> square(10)
##########
##########
##########
##########
##########
##########
##########
##########
##########
##########

>>> square(0)

>>> square(1)
#

>>> square(-1)
Traceback (most recent call last):
ValueError: size must be >= 0

>>> square(-1.00)
Traceback (most recent call last):
TypeError: size must be an integer

>>> square("square")
Traceback (most recent call last):
TypeError: size must be an integer

>>> square(1.23)
Traceback (most recent call last):
TypeError: size must be an integer

>>> square(float('inf'))
Traceback (most recent call last):
TypeError: size must be an integer

>>> square(float('-inf'))
Traceback (most recent call last):
TypeError: size must be an integer
